// Jest Snapshot v1, https://goo.gl/fbAQLP

exports[`对单个class添加diaplayName 1`] = `
"\\"use strict\\";

function _classCallCheck(instance, Constructor) { if (!(instance instanceof Constructor)) { throw new TypeError(\\"Cannot call a class as a function\\"); } }

function _possibleConstructorReturn(self, call) { if (!self) { throw new ReferenceError(\\"this hasn't been initialised - super() hasn't been called\\"); } return call && (typeof call === \\"object\\" || typeof call === \\"function\\") ? call : self; }

function _inherits(subClass, superClass) { if (typeof superClass !== \\"function\\" && superClass !== null) { throw new TypeError(\\"Super expression must either be null or a function, not \\" + typeof superClass); } subClass.prototype = Object.create(superClass && superClass.prototype, { constructor: { value: subClass, enumerable: false, writable: true, configurable: true } }); if (superClass) Object.setPrototypeOf ? Object.setPrototypeOf(subClass, superClass) : subClass.__proto__ = superClass; }

var App = function (_Component) {
	_inherits(App, _Component);

	function App() {
		_classCallCheck(this, App);

		return _possibleConstructorReturn(this, (App.__proto__ || Object.getPrototypeOf(App)).apply(this, arguments));
	}

	return App;
}(Component);

App.displayName = \\"App\\";"
`;

exports[`对多个class添加diaplayName 1`] = `
"\\"use strict\\";

function _classCallCheck(instance, Constructor) { if (!(instance instanceof Constructor)) { throw new TypeError(\\"Cannot call a class as a function\\"); } }

function _possibleConstructorReturn(self, call) { if (!self) { throw new ReferenceError(\\"this hasn't been initialised - super() hasn't been called\\"); } return call && (typeof call === \\"object\\" || typeof call === \\"function\\") ? call : self; }

function _inherits(subClass, superClass) { if (typeof superClass !== \\"function\\" && superClass !== null) { throw new TypeError(\\"Super expression must either be null or a function, not \\" + typeof superClass); } subClass.prototype = Object.create(superClass && superClass.prototype, { constructor: { value: subClass, enumerable: false, writable: true, configurable: true } }); if (superClass) Object.setPrototypeOf ? Object.setPrototypeOf(subClass, superClass) : subClass.__proto__ = superClass; }

var App = function (_Component) {
	_inherits(App, _Component);

	function App() {
		_classCallCheck(this, App);

		return _possibleConstructorReturn(this, (App.__proto__ || Object.getPrototypeOf(App)).apply(this, arguments));
	}

	return App;
}(Component);

App.displayName = \\"App\\";

var Test = function (_Component2) {
	_inherits(Test, _Component2);

	function Test() {
		_classCallCheck(this, Test);

		return _possibleConstructorReturn(this, (Test.__proto__ || Object.getPrototypeOf(Test)).apply(this, arguments));
	}

	return Test;
}(Component);

Test.displayName = \\"Test\\";"
`;

exports[`已有diaplayName，不需要添加 1`] = `
"'use strict';

function _classCallCheck(instance, Constructor) { if (!(instance instanceof Constructor)) { throw new TypeError(\\"Cannot call a class as a function\\"); } }

function _possibleConstructorReturn(self, call) { if (!self) { throw new ReferenceError(\\"this hasn't been initialised - super() hasn't been called\\"); } return call && (typeof call === \\"object\\" || typeof call === \\"function\\") ? call : self; }

function _inherits(subClass, superClass) { if (typeof superClass !== \\"function\\" && superClass !== null) { throw new TypeError(\\"Super expression must either be null or a function, not \\" + typeof superClass); } subClass.prototype = Object.create(superClass && superClass.prototype, { constructor: { value: subClass, enumerable: false, writable: true, configurable: true } }); if (superClass) Object.setPrototypeOf ? Object.setPrototypeOf(subClass, superClass) : subClass.__proto__ = superClass; }

var App = function (_Component) {
	_inherits(App, _Component);

	function App() {
		_classCallCheck(this, App);

		return _possibleConstructorReturn(this, (App.__proto__ || Object.getPrototypeOf(App)).apply(this, arguments));
	}

	return App;
}(Component);

App.displayName = 'NoNeddAddDisplayName';"
`;
